// Jest Snapshot v1, https://goo.gl/fbAQLP

exports[`include.njk 1`] = `
====================================options=====================================
parsers: ["nunjucks"]
printWidth: 80
                                                                                | printWidth
=====================================input======================================
{% include "item.html" %}

{% for item in items %}
{% include "item.html" %}
{% endfor %}

{% include name + ".html" %}

{% include "missing.html" ignore missing %}

=====================================output=====================================
{% include "item.html" %}

{% for item in items %}
  {% include "item.html" %}
{% endfor %}

{% include name + ".html" %}

{% include "missing.html" ignore missing %}

================================================================================
`;
