// Jest Snapshot v1, https://goo.gl/fbAQLP

exports[`extends.njk 1`] = `
====================================options=====================================
parsers: ["nunjucks"]
printWidth: 80
                                                                                | printWidth
=====================================input======================================
{% extends "base.html" %}
{% extends parentTemplate %}
{% extends name + ".html" %}

=====================================output=====================================
{% extends "base.html" %}

{% extends parentTemplate %}

{% extends name + ".html" %}


================================================================================
`;
