// Jest Snapshot v1, https://goo.gl/fbAQLP

exports[`raw.njk 1`] = `
====================================options=====================================
parsers: ["nunjucks"]
printWidth: 80
                                                                                | printWidth
=====================================input======================================
{% raw %}{{ raw_output }}{% endraw %}

{% raw %}
foo {{ bar }}
  {% endraw %}

=====================================output=====================================
{% raw %}
  {{ raw_output }}
{% endraw %}

{% raw %} foo {{ bar }} {% endraw %}

================================================================================
`;
