// Jest Snapshot v1, https://goo.gl/fbAQLP

exports[`set.njk 1`] = `
====================================options=====================================
parsers: ["nunjucks"]
printWidth: 80
                                                                                | printWidth
=====================================input======================================
{% set foo = "foo" %}
{%     set foo = bar %}
{% set foo     =    1 %}
{% set x, y, z = 5    %}

=====================================output=====================================
{% set foo = "foo" %}
{% set foo = bar %}
{% set foo = 1 %}
{% set x, y, z = 5 %}

================================================================================
`;
