// Jest Snapshot v1, https://goo.gl/fbAQLP

exports[`variables.njk - nunjucks-verify: variables.njk 1`] = `
{{ variable1 }}

{{variable2}}

{{
  variable3
}}

{{ variable4
}}

{{
variable5 }}

<div>{{ variable7 }}</div>

{{ variable8_1 }}{{ variable8_2 }}

 <div {{
variable9
}}></div>

<div class="{{ variable10 }}"></div>

<span>      {{ variable11 }}</span>

<div>
{{
variable12 }}
      {{ variable13 }}
</div>
~~~~~~~~~~~~~~~~~~~~~~~~~~~~~~~~~~~~~~~~~~~~~~~~~~~~~~~~~~~~~~~~~~~~~~~~~~~~~~~~
{{ variable1 }}

{{ variable2 }}

{{ variable3 }}

{{ variable4 }}

{{ variable5 }}

<div>{{ variable7 }}</div>

{{ variable8_1 }} {{ variable8_2 }}

<div {{ variable9 }}></div>

<div class="{{ variable10 }} "></div>

<span> {{ variable11 }} </span>

<div>
  {{ variable12 }}
  {{ variable13 }}
</div>

`;
