// Jest Snapshot v1, https://goo.gl/fbAQLP

exports[`import.njk - nunjucks-verify: import.njk 1`] = `
{% import "forms.html" as forms %}
{% from "forms.html" import field, label as description %}
{% import name + '.html' as    obj %}
~~~~~~~~~~~~~~~~~~~~~~~~~~~~~~~~~~~~~~~~~~~~~~~~~~~~~~~~~~~~~~~~~~~~~~~~~~~~~~~~
{% import "forms.html" as forms %}
{% from "forms.html" import field, label as description %}
{% import name + ".html" as obj %}

`;
