// Jest Snapshot v1, https://goo.gl/fbAQLP

exports[`if.njk - nunjucks-verify: if.njk 1`] = `
<div>Foo</div>

{% if foo3 %}<span></span>{% endif %}

{% if foo5 %}<div><span>Foo</span></div>{% endif %}

{% if foo7 %}{% set bar = 'true' %}{% endif %}

<div {% if bar9 %}class="attribute"{% endif %}></div>
<div {% if bar10 %}class="attribute"{%  else %}class="attribute"{% endif %}></div>

<div
  {% if bar13 %}
  class="attribute"{% endif %}></div>

<div {% if bar16 %}{{ attribute16 }}{% endif %}></div>

<div>
{% if foo19 %}<span>foo</span>{% endif %}

{% if bar21 %}<div>bar</div>{% endif %}
</div>

{% if foo24 %}
{% if bar25 %}
{% if baz26 %}
{% endif %}
{% endif %}
{% endif %}

{% if bar31 %}
{% else %}
{% endif %}

{% if bar35 %}
{{ value36 }}
{% else %}
{{ value38 }}
{% endif %}

{% if bar41 %}{% else %}{% endif %}

{% if foo43 %}
{% if bar44 %}
<div>foo-bar</div>
{% else %}
<div>bar-foo</div>
{% endif %}
{% else %}
{% if bar58 %}
{% endif %}
{% endif %}

<div {% if bar54 %}
  {{ value55 }}
{% endif %}></div>
<div {% if bar57 %}{% else %}   {{  value57  }}    {% endif %}></div>

{% if foo61 %}
{{ value62 }}
{% endif %}
~~~~~~~~~~~~~~~~~~~~~~~~~~~~~~~~~~~~~~~~~~~~~~~~~~~~~~~~~~~~~~~~~~~~~~~~~~~~~~~~
<div>Foo</div>

{% if foo3 %}
  <span></span>
{% endif %}

{% if foo5 %}
  <div><span>Foo</span></div>
{% endif %}

{% if foo7 %} {% endif %}

<div {% if bar9 %} class="attribute" {% endif %}></div>
<div
  {% if bar10 %}
  class="attribute"
  {% else %}
  class="attribute"
  {% endif %}
></div>

<div {% if bar13 %} class="attribute" {% endif %}></div>

<div {% if bar16 %} {{ attribute16 }} {% endif %}></div>

<div>
  {% if foo19 %}
    <span>foo</span>
  {% endif %}

  {% if bar21 %}
    <div>bar</div>
  {% endif %}
</div>

{% if foo24 %}
  {% if bar25 %}
    {% if baz26 %} {% endif %}
  {% endif %}
{% endif %}

{% if bar31 %}
{% else %}
{% endif %}

{% if bar35 %}
  {{ value36 }}
{% else %}
  {{ value38 }}
{% endif %}

{% if bar41 %}
{% else %}
{% endif %}

{% if foo43 %}
  {% if bar44 %}
    <div>foo-bar</div>
  {% else %}
    <div>bar-foo</div>
  {% endif %}
{% else %}
  {% if bar58 %} {% endif %}
{% endif %}

<div {% if bar54 %} {{ value55 }} {% endif %}></div>
<div {% if bar57 %} {% else %} {{ value57 }} {% endif %}></div>

{% if foo61 %}
  {{ value62 }}
{% endif %}

`;
